------------------------------------------------------------
TimeQuest Timing Analyzer Summary
------------------------------------------------------------

Type  : Slow Model Setup 'clk_main'
Slack : -3.635
TNS   : -99.653

Type  : Slow Model Setup 'KEY3'
Slack : -1.459
TNS   : -6.831

Type  : Slow Model Setup 'clk_rom'
Slack : -0.210
TNS   : -0.210

Type  : Slow Model Hold 'KEY3'
Slack : -0.952
TNS   : -8.037

Type  : Slow Model Hold 'clk_main'
Slack : 0.391
TNS   : 0.000

Type  : Slow Model Hold 'clk_rom'
Slack : 0.686
TNS   : 0.000

Type  : Slow Model Recovery 'clk_main'
Slack : -0.279
TNS   : -2.844

Type  : Slow Model Removal 'clk_main'
Slack : -0.468
TNS   : -0.468

Type  : Slow Model Minimum Pulse Width 'clk_main'
Slack : -2.000
TNS   : -149.380

Type  : Slow Model Minimum Pulse Width 'clk_rom'
Slack : -1.423
TNS   : -18.456

Type  : Slow Model Minimum Pulse Width 'KEY3'
Slack : -1.380
TNS   : -1.380

Type  : Fast Model Setup 'clk_main'
Slack : -1.678
TNS   : -42.058

Type  : Fast Model Setup 'KEY3'
Slack : -0.398
TNS   : -1.030

Type  : Fast Model Setup 'clk_rom'
Slack : 0.454
TNS   : 0.000

Type  : Fast Model Hold 'KEY3'
Slack : -0.721
TNS   : -5.186

Type  : Fast Model Hold 'clk_main'
Slack : 0.215
TNS   : 0.000

Type  : Fast Model Hold 'clk_rom'
Slack : 0.285
TNS   : 0.000

Type  : Fast Model Recovery 'clk_main'
Slack : 0.288
TNS   : 0.000

Type  : Fast Model Removal 'clk_main'
Slack : -0.267
TNS   : -1.382

Type  : Fast Model Minimum Pulse Width 'clk_main'
Slack : -2.000
TNS   : -149.380

Type  : Fast Model Minimum Pulse Width 'clk_rom'
Slack : -1.423
TNS   : -18.456

Type  : Fast Model Minimum Pulse Width 'KEY3'
Slack : -1.380
TNS   : -1.380

------------------------------------------------------------
